// Jest Snapshot v1, https://goo.gl/fbAQLP

exports[`should render correct heading 1`] = `ShallowWrapper {}`;
